// Jest Snapshot v1, https://goo.gl/fbAQLP

exports[`renders quote page correctly 1`] = `
<div
  className="calculator"
>
  <h2
    className="display"
  >
    0
  </h2>
  <div
    className="groups"
  >
    <button
      className="button"
      onClick={[Function]}
      type="button"
    >
      AC
    </button>
    <button
      className="button"
      onClick={[Function]}
      type="button"
    >
      +/-
    </button>
    <button
      className="button"
      onClick={[Function]}
      type="button"
    >
      %
    </button>
    <button
      className="button orange"
      onClick={[Function]}
      type="button"
    >
      รท
    </button>
  </div>
  <div
    className="groups"
  >
    <button
      className="button"
      onClick={[Function]}
      type="button"
    >
      7
    </button>
    <button
      className="button"
      onClick={[Function]}
      type="button"
    >
      8
    </button>
    <button
      className="button"
      onClick={[Function]}
      type="button"
    >
      9
    </button>
    <button
      className="button orange"
      onClick={[Function]}
      type="button"
    >
      X
    </button>
  </div>
  <div
    className="groups"
  >
    <button
      className="button"
      onClick={[Function]}
      type="button"
    >
      4
    </button>
    <button
      className="button"
      onClick={[Function]}
      type="button"
    >
      5
    </button>
    <button
      className="button"
      onClick={[Function]}
      type="button"
    >
      6
    </button>
    <button
      className="button orange"
      onClick={[Function]}
      type="button"
    >
      -
    </button>
  </div>
  <div
    className="groups"
  >
    <button
      className="button"
      onClick={[Function]}
      type="button"
    >
      1
    </button>
    <button
      className="button"
      onClick={[Function]}
      type="button"
    >
      2
    </button>
    <button
      className="button"
      onClick={[Function]}
      type="button"
    >
      3
    </button>
    <button
      className="button orange"
      onClick={[Function]}
      type="button"
    >
      +
    </button>
  </div>
  <div
    className="groups"
  >
    <button
      className="button wide"
      onClick={[Function]}
      type="button"
    >
      0
    </button>
    <button
      className="button"
      onClick={[Function]}
      type="button"
    >
      .
    </button>
    <button
      className="button orange"
      onClick={[Function]}
      type="button"
    >
      =
    </button>
  </div>
</div>
`;
