// Jest Snapshot v1, https://goo.gl/fbAQLP

exports[`renders correctly 1`] = `
<div
  className="container"
>
  <div
    className="nav-container"
  >
    <a
      aria-current="page"
      className="active"
      href="/"
      onClick={[Function]}
      style={Object {}}
    >
      <h1>
        Math magicians
      </h1>
    </a>
    <nav>
      <a
        aria-current="page"
        className="active"
        href="/"
        onClick={[Function]}
        style={Object {}}
      >
        Home
      </a>
      <a
        aria-current={null}
        href="/calculator"
        onClick={[Function]}
      >
        Calculator
      </a>
      <a
        aria-current={null}
        href="/quote"
        onClick={[Function]}
      >
        Quote
      </a>
    </nav>
  </div>
  <main
    className="maincont"
  >
    <article>
      <h1>
        Welcome to our page!
      </h1>
      <p>
        Lorem ipsum dolor sit amet consectetur adipisicing elit. Earum, consequatur deserunt sed temporibus optio illo dolorum aperiam, repellat ipsum est omnis dolores iure molestiae voluptas perferendis ex officia! Porro, deserunt.
      </p>
      <p>
        Lorem ipsum dolor sit amet consectetur adipisicing elit. Earum, consequatur deserunt sed temporibus optio illo dolorum aperiam, repellat ipsum est omnis dolores iure molestiae voluptas perferendis ex officia! Porro, deserunt.
      </p>
    </article>
  </main>
</div>
`;
