// Jest Snapshot v1, https://goo.gl/fbAQLP

exports[`renders quote page correctly 1`] = `
<main
  className="maincont"
>
  <p>
    Lorem ipsum dolor sit amet consectetur adipisicing elit. Cum odit doloremque laboriosam similique inventore amet, magni accusamus veniam saepe asperiores eveniet voluptatem dolorum quaerat animi neque, molestias consequatur aut quis?
  </p>
</main>
`;
